[livedemo00.template-help.com/constrex_v1-2/index.html]
[backblue.gif]
[fade.gif]
[index.html]
[ajax.cloudflare.com/cdn-cgi/nexp/dok3v=0489c402f5/cloudflare.min.js]
[static.livedemo00.template-help.com/constrex_v1-2/css/bootstrap.css]
[static.livedemo00.template-help.com/constrex_v1-2/css/camera.css]
[static.livedemo00.template-help.com/constrex_v1-2/css/google-map.css]
[static.livedemo00.template-help.com/constrex_v1-2/css/mailform-sub.css]
[static.livedemo00.template-help.com/constrex_v1-2/css/search.css]
[static.livedemo00.template-help.com/constrex_v1-2/js/jquery.js]
[static.livedemo00.template-help.com/constrex_v1-2/js/rd-smoothscroll.min.js]
[static.livedemo00.template-help.com/constrex_v1-2/js/device.min.js]
[livedemo00.template-help.com/constrex_v1-2/index-6.html]
[livedemo00.template-help.com/constrex_v1-2/index-7.html]
[livedemo00.template-help.com/constrex_v1-2/index-8.html]
[livedemo00.template-help.com/constrex_v1-2/index-9.html]
[livedemo00.template-help.com/constrex_v1-2/index-14.html]
[livedemo00.template-help.com/constrex_v1-2/index-10.html]
[livedemo00.template-help.com/constrex_v1-2/index-11.html]
[livedemo00.template-help.com/constrex_v1-2/index-12.html]
[livedemo00.template-help.com/constrex_v1-2/index-1.html]
[livedemo00.template-help.com/constrex_v1-2/index-2.html]
[livedemo00.template-help.com/constrex_v1-2/index-3.html]
[livedemo00.template-help.com/constrex_v1-2/index-4.html]
[static.livedemo00.template-help.com/constrex_v1-2/images/page-1_img1.png]
[static.livedemo00.template-help.com/constrex_v1-2/images/page-1_img2.png]
[static.livedemo00.template-help.com/constrex_v1-2/images/page-1_img3.png]
[static.livedemo00.template-help.com/constrex_v1-2/images/page-1_img4.png]
[static.livedemo00.template-help.com/constrex_v1-2/images/page-1_img5.jpg]
[static.livedemo00.template-help.com/constrex_v1-2/images/page-1_img6.jpg]
[static.livedemo00.template-help.com/constrex_v1-2/images/page-1_img7.jpg]
[static.livedemo00.template-help.com/constrex_v1-2/images/page-1_img8.jpg]
[static.livedemo00.template-help.com/constrex_v1-2/images/page-1_img9.jpg]
[static.livedemo00.template-help.com/constrex_v1-2/images/page-1_img10.jpg]
[static.livedemo00.template-help.com/constrex_v1-2/images/page-1_img11.jpg]
[static.livedemo00.template-help.com/constrex_v1-2/images/page-1_img13.jpg]
[static.livedemo00.template-help.com/constrex_v1-2/js/tm-scripts.js]
[livedemo00.template-help.com/constrex_v1-2/index.html]
[maxcdn.bootstrapcdn.com/font-awesome/4.3.0/css/font-awesome.min.css]
[static.livedemo00.template-help.com/constrex_v1-2/fonts/glyphicons-halflings-regular.woff2]
[static.livedemo00.template-help.com/constrex_v1-2/fonts/glyphicons-halflings-regular.woff]
[static.livedemo00.template-help.com/constrex_v1-2/images/plus.png]
[static.livedemo00.template-help.com/constrex_v1-2/fonts/glyphicons-halflings-regular.svg]
[static.livedemo00.template-help.com/constrex_v1-2/images/slide1.jpg]
[static.livedemo00.template-help.com/constrex_v1-2/images/after_line.png]
[static.livedemo00.template-help.com/constrex_v1-2/images/before_line.png]
[static.livedemo00.template-help.com/constrex_v1-2/images/spritesheet.png]
[static.livedemo00.template-help.com/constrex_v1-2/css/bootstrap.css]
[static.livedemo00.template-help.com/constrex_v1-2/images/camera-loader.gif]
[static.livedemo00.template-help.com/constrex_v1-2/fonts/glyphicons-halflings-regular.ttf]
[static.livedemo00.template-help.com/constrex_v1-2/images/dot1.jpg]
[static.livedemo00.template-help.com/constrex_v1-2/images/dot3.jpg]
[static.livedemo00.template-help.com/constrex_v1-2/css/camera.css]
[static.livedemo00.template-help.com/constrex_v1-2/css/google-map.css]
[static.livedemo00.template-help.com/constrex_v1-2/css/mailform-sub.css]
[static.livedemo00.template-help.com/constrex_v1-2/css/search.css]
[static.livedemo00.template-help.com/constrex_v1-2/js/jquery.js]
[static.livedemo00.template-help.com/constrex_v1-2/js/rd-smoothscroll.min.js]
[static.livedemo00.template-help.com/constrex_v1-2/js/device.min.js]
[static.livedemo00.template-help.com/constrex_v1-2/js/jquery-migrate-1.2.1.min.js]
[static.livedemo00.template-help.com/constrex_v1-2/css/rd-mailform-2.css]
[static.livedemo00.template-help.com/constrex_v1-2/css/material-design.css]
[livedemo00.template-help.com/constrex_v1-2/index-6.html]
[livedemo00.template-help.com/constrex_v1-2/index-7.html]
[livedemo00.template-help.com/constrex_v1-2/index-8.html]
[livedemo00.template-help.com/constrex_v1-2/index-9.html]
[livedemo00.template-help.com/constrex_v1-2/index-14.html]
[livedemo00.template-help.com/constrex_v1-2/index-10.html]
[livedemo00.template-help.com/constrex_v1-2/index-11.html]
[static.livedemo00.template-help.com/constrex_v1-2/css/mailform-1.css]
[static.livedemo00.template-help.com/constrex_v1-2/images/page-1_img16.jpg]
[static.livedemo00.template-help.com/constrex_v1-2/images/page-1_img14.jpg]
[static.livedemo00.template-help.com/constrex_v1-2/images/page-1_img15.jpg]
[livedemo00.template-help.com/constrex_v1-2/index-12.html]
[livedemo00.template-help.com/constrex_v1-2/index-13.html]
[static.livedemo00.template-help.com/constrex_v1-2/images/page-2_img1.jpg]
[static.livedemo00.template-help.com/constrex_v1-2/images/page-2_img3.jpg]
[static.livedemo00.template-help.com/constrex_v1-2/images/page-2_img4.jpg]
[static.livedemo00.template-help.com/constrex_v1-2/images/page-2_img7.jpg]
[livedemo00.template-help.com/constrex_v1-2/index-1.html]
[livedemo00.template-help.com/constrex_v1-2/index-2.html]
[static.livedemo00.template-help.com/constrex_v1-2/images/page-4_img1.jpg]
[static.livedemo00.template-help.com/constrex_v1-2/images/page-4_img2.jpg]
[static.livedemo00.template-help.com/constrex_v1-2/images/page-4_img4.jpg]
[static.livedemo00.template-help.com/constrex_v1-2/images/page-4_img6.jpg]
[static.livedemo00.template-help.com/constrex_v1-2/images/page-4_img7.jpg]
[static.livedemo00.template-help.com/constrex_v1-2/images/page-4_img8.jpg]
[livedemo00.template-help.com/constrex_v1-2/index-3.html]
[livedemo00.template-help.com/constrex_v1-2/index-4.html]
[static.livedemo00.template-help.com/constrex_v1-2/css/mailform.css]
[livedemo00.template-help.com/constrex_v1-2/index-5.html]
[static.livedemo00.template-help.com/constrex_v1-2/images/page-1_img12.jpg]
[static.livedemo00.template-help.com/constrex_v1-2/js/bootstrap.min.js]
[static.livedemo00.template-help.com/constrex_v1-2/js/jquery.cookie.js]
[static.livedemo00.template-help.com/constrex_v1-2/js/jquery.easing.1.3.js]
[static.livedemo00.template-help.com/constrex_v1-2/js/tmstickup.js]
[static.livedemo00.template-help.com/constrex_v1-2/js/jquery.ui.totop.js]
[static.livedemo00.template-help.com/constrex_v1-2/js/jquery.responsive.tabs.js]
[static.livedemo00.template-help.com/constrex_v1-2/js/jquery.rd-navbar.js]
[static.livedemo00.template-help.com/constrex_v1-2/js/jquery.mobile.customized.min.js]
[static.livedemo00.template-help.com/constrex_v1-2/js/camera.js]
[static.livedemo00.template-help.com/constrex_v1-2/js/mailform-1/jquery.rd-input-label.js]
[static.livedemo00.template-help.com/constrex_v1-2/js/mailform-1/jquery.form.min.js]
[static.livedemo00.template-help.com/constrex_v1-2/js/mailform-1/jquery.rd-mailform.min.js]
[static.livedemo00.template-help.com/constrex_v1-2/js/mailform/jquery.form.min.js]
[static.livedemo00.template-help.com/constrex_v1-2/js/mailform/jquery.rd-mailform.js]
[static.livedemo00.template-help.com/constrex_v1-2/js/TMSearch.js]
[connect.facebook.net/en_GB/sdk.js]
[static.livedemo00.template-help.com/constrex_v1-2/js/jquery.fancybox.js]
[static.livedemo00.template-help.com/constrex_v1-2/js/jquery.fancybox-media.js]
[static.livedemo00.template-help.com/constrex_v1-2/js/jquery.fancybox-buttons.js]
[static.livedemo00.template-help.com/constrex_v1-2/js/scrollTo.js]
[static.livedemo00.template-help.com/constrex_v1-2/js/countdown.js]
[static.livedemo00.template-help.com/constrex_v1-2/js/tm-scripts.js]
[www.googletagmanager.com/gtm5445.html]
[maxcdn.bootstrapcdn.com/font-awesome/4.3.0/css/font-awesome.min.css]
[static.livedemo00.template-help.com/constrex_v1-2/js/jquery.rd-parallax.js]
[static.livedemo00.template-help.com/constrex_v1-2/fonts/glyphicons-halflings-regular.svg]
[static.livedemo00.template-help.com/constrex_v1-2/css/animate.css]
[static.livedemo00.template-help.com/constrex_v1-2/js/jquery-migrate-1.2.1.min.js]
[static.livedemo00.template-help.com/constrex_v1-2/css/rd-mailform-2.css]
[static.livedemo00.template-help.com/constrex_v1-2/images/dot2.jpg]
[static.livedemo00.template-help.com/constrex_v1-2/fonts/material-design.woff]
[static.livedemo00.template-help.com/constrex_v1-2/css/material-design.css]
[livedemo00.template-help.com/constrex_v1-2/index-15.html]
[static.livedemo00.template-help.com/constrex_v1-2/css/mailform-1.css]
[static.livedemo00.template-help.com/constrex_v1-2/images/page-1_img18.png]
[static.livedemo00.template-help.com/constrex_v1-2/images/page-1_img17.png]
[static.livedemo00.template-help.com/constrex_v1-2/fonts/material-design.svg]
[static.livedemo00.template-help.com/constrex_v1-2/images/page-2_img2.jpg]
[static.livedemo00.template-help.com/constrex_v1-2/images/page-2_img6.jpg]
[static.livedemo00.template-help.com/constrex_v1-2/images/page-2_img5.jpg]
[static.livedemo00.template-help.com/constrex_v1-2/fonts/material-design.ttf]
[livedemo00.template-help.com/constrex_v1-2/images/page-4_img1_original.html]
[livedemo00.template-help.com/constrex_v1-2/images/page-4_img2_original.html]
[livedemo00.template-help.com/constrex_v1-2/images/page-4_img3_original.html]
[static.livedemo00.template-help.com/constrex_v1-2/images/page-4_img3.jpg]
[livedemo00.template-help.com/constrex_v1-2/images/page-4_img4_original.html]
[livedemo00.template-help.com/constrex_v1-2/images/page-4_img5_original.html]
[livedemo00.template-help.com/constrex_v1-2/images/page-4_img6_original.html]
[static.livedemo00.template-help.com/constrex_v1-2/images/page-4_img7.jpg]
[static.livedemo00.template-help.com/constrex_v1-2/css/mailform.css]
[static.livedemo00.template-help.com/constrex_v1-2/js/bootstrap.min.js]
[static.livedemo00.template-help.com/constrex_v1-2/js/jquery.cookie.js]
[static.livedemo00.template-help.com/constrex_v1-2/js/jquery.easing.1.3.js]
[static.livedemo00.template-help.com/constrex_v1-2/js/tmstickup.js]
[static.livedemo00.template-help.com/constrex_v1-2/js/jquery.ui.totop.js]
[livedemo00.template-help.com/constrex_v1-2/js/jquery.equalheights.html]
[livedemo00.template-help.com/constrex_v1-2/superfish.html]
[static.livedemo00.template-help.com/constrex_v1-2/js/jquery.responsive.tabs.js]
[static.livedemo00.template-help.com/constrex_v1-2/js/jquery.rd-navbar.js]
[livedemo00.template-help.com/constrex_v1-2/js/jquery.ui.accordion.min.html]
[livedemo00.template-help.com/constrex_v1-2/js/owl.carousel.min.html]
[static.livedemo00.template-help.com/constrex_v1-2/js/wow.js]
[static.livedemo00.template-help.com/constrex_v1-2/js/jquery.mobile.customized.min.js]
[static.livedemo00.template-help.com/constrex_v1-2/js/camera.js]
[static.livedemo00.template-help.com/constrex_v1-2/js/mailform-1/jquery.rd-input-label.js]
[static.livedemo00.template-help.com/constrex_v1-2/js/mailform-1/jquery.form.min.js]
[static.livedemo00.template-help.com/constrex_v1-2/js/mailform-1/jquery.rd-mailform.min.js]
[static.livedemo00.template-help.com/constrex_v1-2/js/mailform/jquery.form.min.js]
[static.livedemo00.template-help.com/constrex_v1-2/js/mailform/jquery.rd-mailform.js]
[static.livedemo00.template-help.com/constrex_v1-2/js/TMSearch.js]
[connect.facebook.net/en_GB/sdk.js]
[static.livedemo00.template-help.com/constrex_v1-2/js/jquery.fancybox.js]
[static.livedemo00.template-help.com/constrex_v1-2/js/jquery.fancybox-media.js]
[static.livedemo00.template-help.com/constrex_v1-2/js/jquery.fancybox-buttons.js]
[static.livedemo00.template-help.com/constrex_v1-2/js/scrollTo.js]
[livedemo00.template-help.com/constrex_v1-2/js/jquery.swiper.min.html]
[static.livedemo00.template-help.com/constrex_v1-2/js/countdown.js]
[static.livedemo00.template-help.com/constrex_v1-2/js/jquery.rd-parallax.js]
[static.livedemo00.template-help.com/constrex_v1-2/css/animate.css]
[static.livedemo00.template-help.com/constrex_v1-2/fonts/material-design.svg]
[static.livedemo00.template-help.com/constrex_v1-2/css/jquery.fancybox.css]
[livedemo00.template-help.com/constrex_v1-2/Popover requires tooltip.html]
[static.livedemo00.template-help.com/constrex_v1-2/js/wow.js]
[static.livedemo00.template-help.com/constrex_v1-2/fonts/glyphicons-halflings-regular.html]
[static.livedemo00.template-help.com/constrex_v1-2/fonts/glyphicons-halflings-regulard41d.html]
[static.livedemo00.template-help.com/constrex_v1-2/js/jquery.rd-google-map.js]
[static.livedemo00.template-help.com/constrex_v1-2/images/fancybox_loading.gif]
[static.livedemo00.template-help.com/constrex_v1-2/images/blank.gif]
[static.livedemo00.template-help.com/constrex_v1-2/images/fancybox_overlay.png]
[static.livedemo00.template-help.com/constrex_v1-2/images/fancybox_sprite@2x.png]
[static.livedemo00.template-help.com/constrex_v1-2/images/fancybox_loading@2x.gif]
[static.livedemo00.template-help.com/constrex_v1-2/css/jquery.fancybox.css]
[static.livedemo00.template-help.com/constrex_v1-2/images/page-4_img5.jpg]
[static.livedemo00.template-help.com/constrex_v1-2/js/jquery.rd-google-map.js]
[static.livedemo00.template-help.com/constrex_v1-2/fonts/material-design.html]
[static.livedemo00.template-help.com/constrex_v1-2/images/fancybox_sprite.png]
